// Jest Snapshot v1, https://goo.gl/fbAQLP

exports[`should render component tree 1`] = `ShallowWrapper {}`;
