// Jest Snapshot v1, https://goo.gl/fbAQLP

exports[`should render fallback content 1`] = `ShallowWrapper {}`;
